// Jest Snapshot v1, https://goo.gl/fbAQLP

exports[`rendering of the BetaBanner checks if component renders 1`] = `
<DocumentFragment>
  <div>
    <div>
      <div />
      <div>
        <span>
           
        </span>
        <span />
      </div>
    </div>
  </div>
</DocumentFragment>
`;
